 MyHelloWorld

 Timestamp is 5c49f579 (Thu Jan 24 15:27:21 2019)

 Preferred load address is 0000000000000000

 Start         Length     Name                   Class
 0001:00000000 00000e9cH .text$mn                CODE
 0002:00000000 00000000H .data                   DATA
 0002:00000000 00000500H .rdata                  DATA
 0002:00000500 00000020H .bss                    DATA
 0002:00000520 00000070H .rdata$zzzdbg           DATA
 0003:00000000 00000048H .pdata                  DATA
 0004:00000000 00000050H .xdata                  DATA

  Address         Publics by Value              Rva+Base               Lib:Object

 0000:00000000       __guard_flags              0000000000000000     <absolute>
 0000:00000000       __guard_iat_table          0000000000000000     <absolute>
 0000:00000000       __dynamic_value_reloc_table 0000000000000000     <absolute>
 0000:00000000       __guard_iat_count          0000000000000000     <absolute>
 0000:00000000       __guard_longjmp_table      0000000000000000     <absolute>
 0000:00000000       __guard_longjmp_count      0000000000000000     <absolute>
 0000:00000000       __guard_fids_count         0000000000000000     <absolute>
 0000:00000000       __guard_fids_table         0000000000000000     <absolute>
 0000:00000000       __ImageBase                0000000000000000     <linker-defined>
 0001:00000000       _ModuleEntryPoint          0000000000000280 f   UefiApplicationEntryPoint:ApplicationEntryPoint.obj
 0001:0000003c       InternalPrint              00000000000002bc f   UefiLib:UefiLibPrint.obj
 0001:000000c0       Print                      0000000000000340 f   UefiLib:UefiLibPrint.obj
 0001:000000f0       StrnLenS                   0000000000000370 f   BaseLib:SafeString.obj
 0001:0000011c       AsciiStrnLenS              000000000000039c f   BaseLib:SafeString.obj
 0001:00000140       BasePrintLibFillBuffer     00000000000003c0 f   BasePrintLib:PrintLibInternal.obj
 0001:00000174       BasePrintLibSPrintMarker   00000000000003f4 f   BasePrintLib:PrintLibInternal.obj
 0001:00000e40       BasePrintLibSPrint         00000000000010c0 f   BasePrintLib:PrintLibInternal.obj
 0001:00000e64       InternalAllocatePool       00000000000010e4 f   UefiMemoryAllocationLib:MemoryAllocationLib.obj
 0002:00000000       _gUefiDriverRevision       0000000000001120     MyHelloWorld:AutoGen.obj
 0002:00000008       ??_C@_1BM@IDMFOBAL@?$AAH?$AAe?$AAl?$AAl?$AAo?$AA?5?$AAW?$AAo?$AAr?$AAl?$AAd?$AA?5?$AA?6?$AA?$AA@ 0000000000001128     MyHelloWorld:MyHelloWorld.obj
 0002:00000028       ??_C@_07PBILKAFL@Success?$AA@ 0000000000001148     BasePrintLib:PrintLibInternal.obj
 0002:00000030       ??_C@_0BG@CFJMNNJK@Warning?5Unknown?5Glyph?$AA@ 0000000000001150     BasePrintLib:PrintLibInternal.obj
 0002:00000048       ??_C@_0BH@GKKCJEPJ@Warning?5Delete?5Failure?$AA@ 0000000000001168     BasePrintLib:PrintLibInternal.obj
 0002:00000060       ??_C@_0BG@ECIJMOED@Warning?5Write?5Failure?$AA@ 0000000000001180     BasePrintLib:PrintLibInternal.obj
 0002:00000078       ??_C@_0BJ@ODIPDGHB@Warning?5Buffer?5Too?5Small?$AA@ 0000000000001198     BasePrintLib:PrintLibInternal.obj
 0002:00000098       ??_C@_0BD@IFJNJCCO@Warning?5Stale?5Data?$AA@ 00000000000011b8     BasePrintLib:PrintLibInternal.obj
 0002:000000b0       ??_C@_0L@PLPBEPPC@Load?5Error?$AA@ 00000000000011d0     BasePrintLib:PrintLibInternal.obj
 0002:000000c0       ??_C@_0BC@HOFHKGJN@Invalid?5Parameter?$AA@ 00000000000011e0     BasePrintLib:PrintLibInternal.obj
 0002:000000d8       ??_C@_0M@BEECMOIL@Unsupported?$AA@ 00000000000011f8     BasePrintLib:PrintLibInternal.obj
 0002:000000e8       ??_C@_0BA@FLNMPMCF@Bad?5Buffer?5Size?$AA@ 0000000000001208     BasePrintLib:PrintLibInternal.obj
 0002:000000f8       ??_C@_0BB@EGELJFOB@Buffer?5Too?5Small?$AA@ 0000000000001218     BasePrintLib:PrintLibInternal.obj
 0002:00000110       ??_C@_09NKFGCIPN@Not?5Ready?$AA@ 0000000000001230     BasePrintLib:PrintLibInternal.obj
 0002:00000120       ??_C@_0N@HHEABDHO@Device?5Error?$AA@ 0000000000001240     BasePrintLib:PrintLibInternal.obj
 0002:00000130       ??_C@_0BA@LNEDDFNB@Write?5Protected?$AA@ 0000000000001250     BasePrintLib:PrintLibInternal.obj
 0002:00000140       ??_C@_0BB@GOILNEAA@Out?5of?5Resources?$AA@ 0000000000001260     BasePrintLib:PrintLibInternal.obj
 0002:00000158       ??_C@_0P@EIOJGIF@Volume?5Corrupt?$AA@ 0000000000001278     BasePrintLib:PrintLibInternal.obj
 0002:00000168       ??_C@_0M@HDLEPOFA@Volume?5Full?$AA@ 0000000000001288     BasePrintLib:PrintLibInternal.obj
 0002:00000178       ??_C@_08KEGAJDNN@No?5Media?$AA@ 0000000000001298     BasePrintLib:PrintLibInternal.obj
 0002:00000188       ??_C@_0O@JNCJKCCD@Media?5changed?$AA@ 00000000000012a8     BasePrintLib:PrintLibInternal.obj
 0002:00000198       ??_C@_09CFCBFJND@Not?5Found?$AA@ 00000000000012b8     BasePrintLib:PrintLibInternal.obj
 0002:000001a8       ??_C@_0O@NFHOBIDO@Access?5Denied?$AA@ 00000000000012c8     BasePrintLib:PrintLibInternal.obj
 0002:000001b8       ??_C@_0M@ENKCBFEP@No?5Response?$AA@ 00000000000012d8     BasePrintLib:PrintLibInternal.obj
 0002:000001c8       ??_C@_0L@IFPBNFC@No?5mapping?$AA@ 00000000000012e8     BasePrintLib:PrintLibInternal.obj
 0002:000001d8       ??_C@_08PAFJCNGP@Time?5out?$AA@ 00000000000012f8     BasePrintLib:PrintLibInternal.obj
 0002:000001e8       ??_C@_0M@DCJFAFHJ@Not?5started?$AA@ 0000000000001308     BasePrintLib:PrintLibInternal.obj
 0002:000001f8       ??_C@_0BA@IGIBFFPH@Already?5started?$AA@ 0000000000001318     BasePrintLib:PrintLibInternal.obj
 0002:00000208       ??_C@_07LCKDCBKK@Aborted?$AA@ 0000000000001328     BasePrintLib:PrintLibInternal.obj
 0002:00000210       ??_C@_0L@LKIFCMNO@ICMP?5Error?$AA@ 0000000000001330     BasePrintLib:PrintLibInternal.obj
 0002:00000220       ??_C@_0L@DJKNJKHM@TFTP?5Error?$AA@ 0000000000001340     BasePrintLib:PrintLibInternal.obj
 0002:00000230       ??_C@_0P@NCJHBCLM@Protocol?5Error?$AA@ 0000000000001350     BasePrintLib:PrintLibInternal.obj
 0002:00000240       ??_C@_0BF@EHOBGFMI@Incompatible?5Version?$AA@ 0000000000001360     BasePrintLib:PrintLibInternal.obj
 0002:00000258       ??_C@_0BD@KHMPCIOG@Security?5Violation?$AA@ 0000000000001378     BasePrintLib:PrintLibInternal.obj
 0002:00000270       ??_C@_09BOMAGJEG@CRC?5Error?$AA@ 0000000000001390     BasePrintLib:PrintLibInternal.obj
 0002:00000280       ??_C@_0N@JEJDHPO@End?5of?5Media?$AA@ 00000000000013a0     BasePrintLib:PrintLibInternal.obj
 0002:00000290       ??_C@_0O@NMJOLAMF@Reserved?5?$CI29?$CJ?$AA@ 00000000000013b0     BasePrintLib:PrintLibInternal.obj
 0002:000002a0       ??_C@_0O@GLPDOMCP@Reserved?5?$CI30?$CJ?$AA@ 00000000000013c0     BasePrintLib:PrintLibInternal.obj
 0002:000002b0       ??_C@_0M@FKGOBENP@End?5of?5File?$AA@ 00000000000013d0     BasePrintLib:PrintLibInternal.obj
 0002:000002c0       ??_C@_0BB@KFJAMCOC@Invalid?5Language?$AA@ 00000000000013e0     BasePrintLib:PrintLibInternal.obj
 0002:000002d8       ??_C@_0BB@MFGDFIJM@Compromised?5Data?$AA@ 00000000000013f8     BasePrintLib:PrintLibInternal.obj
 0002:000002f0       ??_C@_0O@MLOLIMFM@?$DMnull?5string?$DO?$AA@ 0000000000001410     BasePrintLib:PrintLibInternal.obj
 0002:00000300       ??_C@_0M@BJJDNPHK@?$DMnull?5guid?$DO?$AA@ 0000000000001420     BasePrintLib:PrintLibInternal.obj
 0002:00000310       ??_C@_0DB@PMLHLBMO@?$CF08x?9?$CF04x?9?$CF04x?9?$CF02x?$CF02x?9?$CF02x?$CF02x@ 0000000000001430     BasePrintLib:PrintLibInternal.obj
 0002:00000348       ??_C@_0M@LHGBCIKM@?$DMnull?5time?$DO?$AA@ 0000000000001468     BasePrintLib:PrintLibInternal.obj
 0002:00000358       ??_C@_0BK@FCPKCIDD@?$CF02d?1?$CF02d?1?$CF04d?5?5?$CF02d?3?$CF02d?$AA@ 0000000000001478     BasePrintLib:PrintLibInternal.obj
 0002:00000374       ??_C@_04JIMNDDED@?$CF08X?$AA@ 0000000000001494     BasePrintLib:PrintLibInternal.obj
 0002:0000037c       ??_C@_02PCIJFNDE@?$AN?6?$AA@ 000000000000149c     BasePrintLib:PrintLibInternal.obj
 0002:00000380       ??_C@_01LIIJDEN@?$AN?$AA@  00000000000014a0     BasePrintLib:PrintLibInternal.obj
 0002:00000390       mStatusString              00000000000014b0     BasePrintLib:PrintLibInternal.obj
 0002:000004d0       mHexStr                    00000000000015f0     BasePrintLib:PrintLibInternal.obj
 0002:00000500       gST                        0000000000001620     UefiBootServicesTableLib:UefiBootServicesTableLib.obj
 0002:00000508       gImageHandle               0000000000001628     UefiBootServicesTableLib:UefiBootServicesTableLib.obj
 0002:00000510       gBS                        0000000000001630     UefiBootServicesTableLib:UefiBootServicesTableLib.obj
 0002:00000518       gRT                        0000000000001638     UefiRuntimeServicesTableLib:UefiRuntimeServicesTableLib.obj

 entry point at        0001:00000000

 Static symbols

 0003:00000000       $pdata$_ModuleEntryPoint   00000000000016c0     UefiApplicationEntryPoint:ApplicationEntryPoint.obj
 0003:0000000c       $pdata$InternalPrint       00000000000016cc     UefiLib:UefiLibPrint.obj
 0003:00000018       $pdata$Print               00000000000016d8     UefiLib:UefiLibPrint.obj
 0003:00000024       $pdata$BasePrintLibSPrintMarker 00000000000016e4     BasePrintLib:PrintLibInternal.obj
 0003:00000030       $pdata$BasePrintLibSPrint  00000000000016f0     BasePrintLib:PrintLibInternal.obj
 0003:0000003c       $pdata$InternalAllocatePool 00000000000016fc     UefiMemoryAllocationLib:MemoryAllocationLib.obj
 0004:00000000       $unwind$_ModuleEntryPoint  0000000000001720     UefiApplicationEntryPoint:ApplicationEntryPoint.obj
 0004:00000008       $unwind$InternalPrint      0000000000001728     UefiLib:UefiLibPrint.obj
 0004:0000001c       $unwind$Print              000000000000173c     UefiLib:UefiLibPrint.obj
 0004:00000024       $unwind$BasePrintLibSPrintMarker 0000000000001744     BasePrintLib:PrintLibInternal.obj
 0004:00000040       $unwind$BasePrintLibSPrint 0000000000001760     BasePrintLib:PrintLibInternal.obj
 0004:00000048       $unwind$InternalAllocatePool 0000000000001768     UefiMemoryAllocationLib:MemoryAllocationLib.obj
