C:/Projetos/caiuxo/uefi_app/RELEASE_VS2015x86/X64/MdePkg/Library/BasePcdLibNull/BasePcdLibNull/OUTPUT/BasePcdLibNull.lib
C:/Projetos/caiuxo/uefi_app/RELEASE_VS2015x86/X64/MdePkg/Library/BaseLib/BaseLib/OUTPUT/BaseLib.lib
C:/Projetos/caiuxo/uefi_app/RELEASE_VS2015x86/X64/MdePkg/Library/BaseMemoryLib/BaseMemoryLib/OUTPUT/BaseMemoryLib.lib
C:/Projetos/caiuxo/uefi_app/RELEASE_VS2015x86/X64/MdePkg/Library/BaseDebugLibNull/BaseDebugLibNull/OUTPUT/BaseDebugLibNull.lib
C:/Projetos/caiuxo/uefi_app/RELEASE_VS2015x86/X64/MdePkg/Library/UefiBootServicesTableLib/UefiBootServicesTableLib/OUTPUT/UefiBootServicesTableLib.lib
C:/Projetos/caiuxo/uefi_app/RELEASE_VS2015x86/X64/MdePkg/Library/BasePrintLib/BasePrintLib/OUTPUT/BasePrintLib.lib
C:/Projetos/caiuxo/uefi_app/RELEASE_VS2015x86/X64/MdePkg/Library/UefiMemoryAllocationLib/UefiMemoryAllocationLib/OUTPUT/UefiMemoryAllocationLib.lib
C:/Projetos/caiuxo/uefi_app/RELEASE_VS2015x86/X64/MdePkg/Library/UefiRuntimeServicesTableLib/UefiRuntimeServicesTableLib/OUTPUT/UefiRuntimeServicesTableLib.lib
C:/Projetos/caiuxo/uefi_app/RELEASE_VS2015x86/X64/MdePkg/Library/UefiDevicePathLib/UefiDevicePathLib/OUTPUT/UefiDevicePathLib.lib
C:/Projetos/caiuxo/uefi_app/RELEASE_VS2015x86/X64/MdePkg/Library/UefiApplicationEntryPoint/UefiApplicationEntryPoint/OUTPUT/UefiApplicationEntryPoint.lib
C:/Projetos/caiuxo/uefi_app/RELEASE_VS2015x86/X64/MdePkg/Library/UefiLib/UefiLib/OUTPUT/UefiLib.lib
C:/Projetos/caiuxo/uefi_app/RELEASE_VS2015x86/X64/MyHelloWorld/OUTPUT/MyHelloWorld.lib